// Jest Snapshot v1, https://goo.gl/fbAQLP

exports[`<UsersTable /> should render without throwing an error and match snapshot 1`] = `
<div
  className="MuiPaper-root MuiTableContainer-root MuiPaper-elevation1 MuiPaper-rounded"
>
  <table
    aria-label="simple table"
    className="MuiTable-root makeStyles-table-1"
    role={null}
  >
    <thead
      className="MuiTableHead-root"
      role={null}
    >
      <tr
        className="MuiTableRow-root MuiTableRow-head"
        role={null}
      >
        <th
          aria-sort={null}
          className="MuiTableCell-root MuiTableCell-head"
          scope="col"
        >
          Name
        </th>
        <th
          aria-sort={null}
          className="MuiTableCell-root MuiTableCell-head"
          scope="col"
        >
          Username
        </th>
      </tr>
    </thead>
    <tbody
      className="MuiTableBody-root"
      role={null}
    >
      <tr
        className="MuiTableRow-root"
        role={null}
      >
        <th
          aria-sort={null}
          className="MuiTableCell-root MuiTableCell-body"
          role="cell"
          scope="row"
        >
          Uga
        </th>
        <td
          aria-sort={null}
          className="MuiTableCell-root MuiTableCell-body"
        >
          Ugendo
        </td>
      </tr>
      <tr
        className="MuiTableRow-root"
        role={null}
      >
        <th
          aria-sort={null}
          className="MuiTableCell-root MuiTableCell-body"
          role="cell"
          scope="row"
        >
          Buga
        </th>
        <td
          aria-sort={null}
          className="MuiTableCell-root MuiTableCell-body"
        >
          Bugendo
        </td>
      </tr>
    </tbody>
  </table>
</div>
`;
